[VectorStore] Loaded 33 vectors from C:\Users\USER\clearpath-rag\backend\data\embeddings.json
[VectorStore] Embedding dimension: 384
[Embedding] Loading model: Xenova/bge-small-en-v1.5...
[Embedding] Model loaded in 386ms
[Embedding] Embedding dimension: 384

Query: "What is the return policy?"
  1. score=0.4925 doc=24_Weekly_Standup_Notes_Dec2023 chunk=37a15825-b28f-4535-a03e-b189dbc69c41
     text: that the office will be closed December 24-January 1 for the holidays. Make sure...
  2. score=0.4746 doc=05_PTO_Leave_Policy chunk=9d398d40-3369-4c8d-aa9e-a5db09bc9aca
     text: PTO and Leave Policy Policy: Unlimited PTO | Effective: January 2024 Overview Cl...
  3. score=0.4746 doc=06_ClearPath_User_Guide_v3.2 chunk=6f6f8db5-6e97-4e34-bad2-75b61507bb03
     text: PTO and Leave Policy Policy: Unlimited PTO | Effective: January 2024 Overview Cl...
  4. score=0.4605 doc=19_Support_SLA_Response_Times chunk=72454845-83e3-4796-8cb3-d12dac261271
     text: Support SLA & Response Times Support SLA & Response Times Support Channels • Ema...
  5. score=0.4598 doc=01_Employee_Handbook_2024 chunk=d189ccaa-78a8-4597-a048-771dff0634fa
     text: premiums, 75% for dependents 401(k) Retirement 4% company match, immediate vesti...

Query: "How do I reset my password?"
  1. score=0.6098 doc=21_Account_Management_FAQ chunk=f41c706f-2219-4201-b3bc-9a27ab9d990d
     text: Account Management FAQ Account Management FAQ Your Guide to Managing Your ClearP...
  2. score=0.5705 doc=20_Troubleshooting_Guide chunk=dc4cf726-4d9c-4f41-ba50-618aa77d4fed
     text: Troubleshooting Guide Troubleshooting Guide Login Issues Problem: Can't log in o...
  3. score=0.5705 doc=23_Engineering_Team_Structure chunk=1f450625-e87e-40f2-8688-29ca13bca15d
     text: Troubleshooting Guide Troubleshooting Guide Login Issues Problem: Can't log in o...
  4. score=0.5369 doc=07_Getting_Started_Guide chunk=4b233d8a-735d-4f26-b98c-f8de1af9630e
     text: Getting Started with ClearPath Quick Start Guide Step 1: Create Your Account Vis...
  5. score=0.5203 doc=02_Data_Security_Privacy_Policy chunk=24f59ad6-17c8-4455-8fe4-eaab6986b53c
     text: (libraries, internet cafes) • Stored on unauthorized cloud services (personal Dr...

Query: "Tell me about shipping options"
  1. score=0.5459 doc=17_FAQ_Common_Questions chunk=b270e050-d152-4a8c-aef5-faa483ff04a8
     text: Frequently Asked Questions Frequently Asked Questions Q: How do I invite team me...
  2. score=0.5368 doc=13_Reporting_Analytics_Guide chunk=1a77161d-d5a3-4852-9b6a-74158e848f28
     text: Reporting & Analytics Guide Reporting & Analytics Guide Available Reports Burndo...
  3. score=0.5267 doc=14_Pricing_Sheet_2024 chunk=5e3141dd-f667-4219-8a91-49e4af6e6074
     text: ClearPath Pricing 2024 ClearPath Pricing Effective: January 1, 2024 | Currency: ...
  4. score=0.5098 doc=21_Account_Management_FAQ chunk=f41c706f-2219-4201-b3bc-9a27ab9d990d
     text: Account Management FAQ Account Management FAQ Your Guide to Managing Your ClearP...
  5. score=0.4816 doc=09_Integrations_Catalog chunk=9b01e7e9-809d-4a42-9f8b-39b5abe8b53d
     text: Integrations Catalog ClearPath Integrations Available Integrations ClearPath int...

Query: "What payment methods do you accept?"
  1. score=0.5816 doc=21_Account_Management_FAQ chunk=f41c706f-2219-4201-b3bc-9a27ab9d990d
     text: Account Management FAQ Account Management FAQ Your Guide to Managing Your ClearP...
  2. score=0.5228 doc=14_Pricing_Sheet_2024 chunk=5e3141dd-f667-4219-8a91-49e4af6e6074
     text: ClearPath Pricing 2024 ClearPath Pricing Effective: January 1, 2024 | Currency: ...
  3. score=0.5119 doc=17_FAQ_Common_Questions chunk=b270e050-d152-4a8c-aef5-faa483ff04a8
     text: Frequently Asked Questions Frequently Asked Questions Q: How do I invite team me...
  4. score=0.4863 doc=18_Onboarding_Checklist chunk=d4ed9cdc-061b-4c04-a3d5-a6606d40de69
     text: Onboarding Checklist Onboarding Checklist Your complete guide to getting your te...
  5. score=0.4807 doc=24_Weekly_Standup_Notes_Dec2023 chunk=37a15825-b28f-4535-a03e-b189dbc69c41
     text: that the office will be closed December 24-January 1 for the holidays. Make sure...

Query: "How do I contact support?"
  1. score=0.6219 doc=17_FAQ_Common_Questions chunk=b270e050-d152-4a8c-aef5-faa483ff04a8
     text: Frequently Asked Questions Frequently Asked Questions Q: How do I invite team me...
  2. score=0.6171 doc=19_Support_SLA_Response_Times chunk=72454845-83e3-4796-8cb3-d12dac261271
     text: Support SLA & Response Times Support SLA & Response Times Support Channels • Ema...
  3. score=0.5948 doc=21_Account_Management_FAQ chunk=f41c706f-2219-4201-b3bc-9a27ab9d990d
     text: Account Management FAQ Account Management FAQ Your Guide to Managing Your ClearP...
  4. score=0.5466 doc=20_Troubleshooting_Guide chunk=dc4cf726-4d9c-4f41-ba50-618aa77d4fed
     text: Troubleshooting Guide Troubleshooting Guide Login Issues Problem: Can't log in o...
  5. score=0.5466 doc=23_Engineering_Team_Structure chunk=1f450625-e87e-40f2-8688-29ca13bca15d
     text: Troubleshooting Guide Troubleshooting Guide Login Issues Problem: Can't log in o...
